Microsoft (R) Macro Assembler Version 6.11		    11/14/21 14:19:47
tempfile.asm						     Page 1 - 1


 0000				DATAS SEGMENT
				    ;此处输入数据段代码  
 0000				DATAS ENDS

 0000				STACKS SEGMENT
				    ;此处输入堆栈段代码
 0000				STACKS ENDS

 0000				CODES SEGMENT
				    ASSUME CS:CODES,DS:DATAS,SS:STACKS
 0000				START:
					;push ds
					;sub ax, ax
					;push ax
 0000  B5 10				mov ch, 10h ; 设置循环的位数
 0002  B6 0F				mov dh, 15	; 设置循环的行数
 0004  B3 10				mov bl, 10h ;
					;ASCII 打印不了向左箭头
					;mov dl, 1Bh
					;mov ah, 2
					;int 21h
					;call endloop
 0006  E8 000F				call printit
 0009				newline:
 0009  FE CE				dec dh
 000B  B2 0A				mov dl, 0Ah
 000D  B4 02				mov ah,2
 000F  CD 21				int 21h
 0011  B5 10				mov ch, 16
 0013  75 03				jnz printit
 0015  E8 0017				call endloop
					
 0018				printit:
 0018  8A D3				mov dl, bl	;输出bl
 001A  B4 02				mov ah,2
 001C  CD 21				int 21h
 001E  B2 20				mov dl, 20h	;输出空格
 0020  B4 02				mov ah,2
 0022  CD 21				int 21h
 0024  80 C3 01				add bl, 1	;bl+1
 0027  80 ED 01				sub ch, 1
 002A  75 EC				jnz printit
 002C  E8 FFDA				call newline;循环输出16个，输出换行
 002F				endloop:
 002F  B4 4C				mov ah, 4ch	; 以下两行类似于return
 0031  CD 21				int 21h
 0033				CODES ENDS
				    END START





Microsoft (R) Macro Assembler Version 6.11		    11/14/21 14:19:47
tempfile.asm						     Symbols 2 - 1




Segments and Groups:

                N a m e                 Size     Length   Align   Combine Class

CODES  . . . . . . . . . . . . .	16 Bit	 0033	  Para	  Private 
DATAS  . . . . . . . . . . . . .	16 Bit	 0000	  Para	  Private 
STACKS . . . . . . . . . . . . .	16 Bit	 0000	  Para	  Private 


Symbols:

                N a m e                 Type     Value    Attr

START  . . . . . . . . . . . . .	L Near	 0000	  CODES	
endloop  . . . . . . . . . . . .	L Near	 002F	  CODES	
newline  . . . . . . . . . . . .	L Near	 0009	  CODES	
printit  . . . . . . . . . . . .	L Near	 0018	  CODES	

	   0 Warnings
	   0 Errors
