Microsoft (R) Macro Assembler Version 6.11		    09/24/21 19:23:11
tempfile.asm						     Page 1 - 1


				;AscTable
 0000				CODES SEGMENT
				    ASSUME CS:CODES
 0000				START:
 0000  B5 78			    mov ch, 120
 0002  B3 10			    mov bl, 10h ;ASCII的起始值
 0004  B6 01			    mov dh, 1
 0006  B7 01			    mov bh, 01h ;每行输出的个数 16个，用十六进制表示
 0008				next:
				    ;输出的循环
 0008  8A D3			    mov dl, bl
 000A  B4 02			    mov ah,2
 000C  CD 21			    int 21h
				    ;
 000E  80 C3 01			    add bl,1
 0011  80 EF 01			    sub bh,1
 0014  75 0B			    jnz skip
				    ;
 0016  B2 0A			    mov dl,10
 0018  B4 02			    mov ah,2
 001A  CD 21			    int 21h
				    ;
 001C  80 C6 01			    add dh,1
 001F  8A FE			    mov bh,dh
				    ;
 0021				skip:
 0021  80 ED 01			    sub ch,1
 0024  75 E2			    jnz next

 0026  B4 4C			    MOV AH,4CH
 0028  CD 21			    INT 21H
 002A				CODES ENDS
				    END START


Microsoft (R) Macro Assembler Version 6.11		    09/24/21 19:23:11
tempfile.asm						     Symbols 2 - 1




Segments and Groups:

                N a m e                 Size     Length   Align   Combine Class

CODES  . . . . . . . . . . . . .	16 Bit	 002A	  Para	  Private 


Symbols:

                N a m e                 Type     Value    Attr

START  . . . . . . . . . . . . .	L Near	 0000	  CODES	
next . . . . . . . . . . . . . .	L Near	 0008	  CODES	
skip . . . . . . . . . . . . . .	L Near	 0021	  CODES	

	   0 Warnings
	   0 Errors
