Microsoft (R) Macro Assembler Version 6.11		    09/15/21 18:33:01
tempfile.asm						     Page 1 - 1


 0000				data segment
 0000 54 68 65 20 64 61		string db 'The data is Jan.$10!$'
       74 61 20 69 73 20
       4A 61 6E 2E 24 31
       30 21 24
 0015 = 0015			mylength equ $-string
 0015				data ends

 0000				code segment
				assume cs:code,ds:data

 0000				START:
 0000  1E			push ds
 0001  2B C0			sub ax,ax
 0003  50			push ax
 0004  B8 ---- R		mov ax,data
 0007  8E D8			mov ds,ax
 0009  8D 16 0000 R		lea dx,string
 000D  B4 09			mov ah,09h
 000F  CD 21			int 21h
 0011  B4 02			mov ah,02h
 0013  B2 0A			mov dl,0ah
 0015  CD 21			int 21h
 0017  B2 0D			mov dl,0dh
 0019  CD 21			int 21h
 001B  8D 36 0000 R		lea si,string
 001F  B9 0015			mov cx,mylength
 0022  B0 24			mov al,'$'
 0024  3A 04			CONT:cmp al,[si]
 0026  75 05			jnz next
 0028  C6 04 20			mov byte ptr[si],' '
 002B  74 03			jz done
 002D  46			next: inc si
 002E  E2 F4			loop CONT
 0030  8D 16 0000 R		done:lea dx,string
 0034  B4 09			mov ah,09h
 0036  CD 21			int 21h
 0038  B4 4C			mov ah,4ch
 003A  CD 21			int 21h
 003C				code ends
					END START



Microsoft (R) Macro Assembler Version 6.11		    09/15/21 18:33:01
tempfile.asm						     Symbols 2 - 1




Segments and Groups:

                N a m e                 Size     Length   Align   Combine Class

code . . . . . . . . . . . . . .	16 Bit	 003C	  Para	  Private 
data . . . . . . . . . . . . . .	16 Bit	 0015	  Para	  Private 


Symbols:

                N a m e                 Type     Value    Attr

CONT . . . . . . . . . . . . . .	L Near	 0024	  code	
START  . . . . . . . . . . . . .	L Near	 0000	  code	
done . . . . . . . . . . . . . .	L Near	 0030	  code	
mylength . . . . . . . . . . . .	Number	 0015h	 
next . . . . . . . . . . . . . .	L Near	 002D	  code	
string . . . . . . . . . . . . .	Byte	 0000	  data	

	   0 Warnings
	   0 Errors
